\BOOKMARK [1][-]{section.1}{\376\377\137\025\212\000}{}% 1
\BOOKMARK [1][-]{section.2}{\376\377\145\207\163\056\116\016\164\006\213\272\127\372\170\100}{}% 2
\BOOKMARK [2][-]{subsection.2.1}{\376\377\137\161\211\306\145\207\147\054\116\016\123\132\137\010\213\272\122\006\147\220}{section.2}% 3
\BOOKMARK [2][-]{subsection.2.2}{\376\377\227\136\124\010\117\134\123\132\137\010\116\016\226\366\124\214\165\037\133\130\176\323\147\204}{section.2}% 4
\BOOKMARK [2][-]{subsection.2.3}{\376\377\117\341\140\157\116\015\133\371\171\360\116\016\117\341\116\373\147\072\122\066}{section.2}% 5
\BOOKMARK [2][-]{subsection.2.4}{\376\377\147\054\145\207\166\204\164\006\213\272\145\164\124\010\140\035\215\357}{section.2}% 6
\BOOKMARK [1][-]{section.3}{\376\377\176\242\137\303\0007\040\034\162\374\116\016\177\212\040\035\166\204\227\136\124\010\117\134\123\132\137\010\122\006\147\220}{}% 7
\BOOKMARK [2][-]{subsection.3.1}{\376\377\211\304\122\031\176\323\147\204\116\016\163\251\133\266\217\154\143\142}{section.3}% 8
\BOOKMARK [2][-]{subsection.3.2}{\376\377\121\163\225\056\121\263\173\126\202\202\160\271}{section.3}% 9
\BOOKMARK [2][-]{subsection.3.3}{\376\377\137\227\166\312\176\323\147\204\116\016\127\107\210\141\122\006\147\220}{section.3}% 10
\BOOKMARK [2][-]{subsection.3.4}{\376\377\162\172\162\162\210\114\116\072\116\016\145\066\166\312\121\375\145\160\123\330\123\026}{section.3}% 11
\BOOKMARK [2][-]{subsection.3.5}{\376\377\000i\000f\000\040\176\277\143\250\157\024}{section.3}% 12
\BOOKMARK [2][-]{subsection.3.6}{\376\377\176\242\137\303\0007\000\040\134\017\176\323}{section.3}% 13
\BOOKMARK [1][-]{section.4}{\376\377\176\242\137\303\000J\040\034\123\125\116\272\162\142\142\077\040\035\166\204\117\341\140\157\116\015\133\371\171\360\116\016\117\341\116\373\123\132\137\010\122\006\147\220}{}% 14
\BOOKMARK [2][-]{subsection.4.1}{\376\377\211\304\122\031\176\323\147\204\116\016\117\341\140\157\116\015\133\371\171\360}{section.4}% 15
\BOOKMARK [2][-]{subsection.4.2}{\376\377\121\163\225\056\121\263\173\126\202\202\160\271}{section.4}% 16
\BOOKMARK [2][-]{subsection.4.3}{\376\377\117\341\123\367\117\040\220\022\116\016\117\341\116\373\136\372\172\313}{section.4}% 17
\BOOKMARK [2][-]{subsection.4.4}{\376\377\147\011\226\120\117\341\116\373\116\016\116\244\123\311\232\214\213\301}{section.4}% 18
\BOOKMARK [2][-]{subsection.4.5}{\376\377\176\242\137\303\000J\166\204\137\227\166\312\176\323\147\204\116\016\127\107\210\141\122\006\147\220}{section.4}% 19
\BOOKMARK [2][-]{subsection.4.6}{\376\377\176\242\137\303\000J\000\040\000i\000f\000\040\176\277\143\250\157\024}{section.4}% 20
\BOOKMARK [2][-]{subsection.4.7}{\376\377\134\017\176\323}{section.4}% 21
\BOOKMARK [1][-]{section.5}{\376\377\116\044\171\315\176\242\137\303\156\070\142\017\166\204\153\324\217\203\116\016\164\006\213\272\220\022\217\333}{}% 22
\BOOKMARK [2][-]{subsection.5.1}{\376\377\116\316\165\037\133\130\124\015\230\235\172\336\116\211\122\060\167\037\133\236\117\341\140\157\172\336\116\211}{section.5}% 23
\BOOKMARK [2][-]{subsection.5.2}{\376\377\211\304\122\031\131\202\117\125\145\071\123\330\145\066\166\312\176\323\147\204}{section.5}% 24
\BOOKMARK [2][-]{subsection.5.3}{\376\377\117\341\116\373\147\072\122\066\166\204\116\044\171\315\164\346\211\343\145\271\137\017}{section.5}% 25
\BOOKMARK [2][-]{subsection.5.4}{\376\377\116\316\227\136\124\010\117\134\122\060\147\011\226\120\124\010\117\134}{section.5}% 26
\BOOKMARK [2][-]{subsection.5.5}{\376\377\164\006\213\272\220\022\217\333\116\016\170\024\172\166\150\106\147\266\140\073\176\323}{section.5}% 27
\BOOKMARK [2][-]{subsection.5.6}{\376\377\134\017\176\323}{section.5}% 28
\BOOKMARK [1][-]{section.6}{\376\377\213\250\213\272\377\032\153\173\116\241\156\070\142\017\116\055\166\204\164\006\140\047\220\011\142\351\116\016\127\107\210\141\217\271\165\114}{}% 29
\BOOKMARK [2][-]{subsection.6.1}{\376\377\116\272\162\151\146\057\124\046\167\037\166\204\040\034\154\241\147\011\122\053\166\204\220\011\142\351\040\035}{section.6}% 30
\BOOKMARK [2][-]{subsection.6.2}{\376\377\116\052\117\123\164\006\140\047\116\016\226\306\117\123\164\006\140\047\166\204\121\262\172\201}{section.6}% 31
\BOOKMARK [2][-]{subsection.6.3}{\376\377\127\107\210\141\217\271\165\114\116\016\227\136\150\007\121\306\145\066\166\312}{section.6}% 32
\BOOKMARK [2][-]{subsection.6.4}{\376\377\000i\000f\000\040\176\277\143\250\157\024\166\204\164\006\213\272\141\017\116\111}{section.6}% 33
\BOOKMARK [2][-]{subsection.6.5}{\376\377\134\017\176\323}{section.6}% 34
\BOOKMARK [1][-]{section.7}{\376\377\176\323\213\272}{}% 35
